// Jest Snapshot v1, https://goo.gl/fbAQLP

exports[`Should render about component should render correctly 1`] = `
Array [
  <h1>
    Lorem Ipsum
  </h1>,
  <p>
    Lorem ipsum dolor sit amet, consectetur adipiscing elit. Vivamus diam lacus, placerat vel enim ut, posuere vestibulum
  </p>,
  <img
    alt="img-google"
    height="300"
    src="test-file-stub"
    width="300"
  />,
]
`;
